Archive member included to satisfy reference by file (symbol)

/opt/st/stm32cubeide_1.14.0/plugins/com.st.stm32cube.ide.mcu.externaltools.gnu-tools-for-stm32.11.3.rel1.linux64_1.1.100.202309141235/tools/bin/../lib/gcc/arm-none-eabi/11.3.1/../../../../arm-none-eabi/lib/thumb/v6-m/nofp/libc_nano.a(libc_a-exit.o)
                              /opt/st/stm32cubeide_1.14.0/plugins/com.st.stm32cube.ide.mcu.externaltools.gnu-tools-for-stm32.11.3.rel1.linux64_1.1.100.202309141235/tools/bin/../lib/gcc/arm-none-eabi/11.3.1/../../../../arm-none-eabi/lib/thumb/v6-m/nofp/crt0.o (exit)
/opt/st/stm32cubeide_1.14.0/plugins/com.st.stm32cube.ide.mcu.externaltools.gnu-tools-for-stm32.11.3.rel1.linux64_1.1.100.202309141235/tools/bin/../lib/gcc/arm-none-eabi/11.3.1/../../../../arm-none-eabi/lib/thumb/v6-m/nofp/libc_nano.a(libc_a-findfp.o)
                              /opt/st/stm32cubeide_1.14.0/plugins/com.st.stm32cube.ide.mcu.externaltools.gnu-tools-for-stm32.11.3.rel1.linux64_1.1.100.202309141235/tools/bin/../lib/gcc/arm-none-eabi/11.3.1/../../../../arm-none-eabi/lib/thumb/v6-m/nofp/libc_nano.a(libc_a-exit.o) (__stdio_exit_handler)
/opt/st/stm32cubeide_1.14.0/plugins/com.st.stm32cube.ide.mcu.externaltools.gnu-tools-for-stm32.11.3.rel1.linux64_1.1.100.202309141235/tools/bin/../lib/gcc/arm-none-eabi/11.3.1/../../../../arm-none-eabi/lib/thumb/v6-m/nofp/libc_nano.a(libc_a-fwalk.o)
                              /opt/st/stm32cubeide_1.14.0/plugins/com.st.stm32cube.ide.mcu.externaltools.gnu-tools-for-stm32.11.3.rel1.linux64_1.1.100.202309141235/tools/bin/../lib/gcc/arm-none-eabi/11.3.1/../../../../arm-none-eabi/lib/thumb/v6-m/nofp/libc_nano.a(libc_a-findfp.o) (_fwalk_sglue)
/opt/st/stm32cubeide_1.14.0/plugins/com.st.stm32cube.ide.mcu.externaltools.gnu-tools-for-stm32.11.3.rel1.linux64_1.1.100.202309141235/tools/bin/../lib/gcc/arm-none-eabi/11.3.1/../../../../arm-none-eabi/lib/thumb/v6-m/nofp/libc_nano.a(libc_a-stdio.o)
                              /opt/st/stm32cubeide_1.14.0/plugins/com.st.stm32cube.ide.mcu.externaltools.gnu-tools-for-stm32.11.3.rel1.linux64_1.1.100.202309141235/tools/bin/../lib/gcc/arm-none-eabi/11.3.1/../../../../arm-none-eabi/lib/thumb/v6-m/nofp/libc_nano.a(libc_a-findfp.o) (__sread)
/opt/st/stm32cubeide_1.14.0/plugins/com.st.stm32cube.ide.mcu.externaltools.gnu-tools-for-stm32.11.3.rel1.linux64_1.1.100.202309141235/tools/bin/../lib/gcc/arm-none-eabi/11.3.1/../../../../arm-none-eabi/lib/thumb/v6-m/nofp/libc_nano.a(libc_a-memset.o)
                              /opt/st/stm32cubeide_1.14.0/plugins/com.st.stm32cube.ide.mcu.externaltools.gnu-tools-for-stm32.11.3.rel1.linux64_1.1.100.202309141235/tools/bin/../lib/gcc/arm-none-eabi/11.3.1/../../../../arm-none-eabi/lib/thumb/v6-m/nofp/crt0.o (memset)
/opt/st/stm32cubeide_1.14.0/plugins/com.st.stm32cube.ide.mcu.externaltools.gnu-tools-for-stm32.11.3.rel1.linux64_1.1.100.202309141235/tools/bin/../lib/gcc/arm-none-eabi/11.3.1/../../../../arm-none-eabi/lib/thumb/v6-m/nofp/libc_nano.a(libc_a-closer.o)
                              /opt/st/stm32cubeide_1.14.0/plugins/com.st.stm32cube.ide.mcu.externaltools.gnu-tools-for-stm32.11.3.rel1.linux64_1.1.100.202309141235/tools/bin/../lib/gcc/arm-none-eabi/11.3.1/../../../../arm-none-eabi/lib/thumb/v6-m/nofp/libc_nano.a(libc_a-stdio.o) (_close_r)
/opt/st/stm32cubeide_1.14.0/plugins/com.st.stm32cube.ide.mcu.externaltools.gnu-tools-for-stm32.11.3.rel1.linux64_1.1.100.202309141235/tools/bin/../lib/gcc/arm-none-eabi/11.3.1/../../../../arm-none-eabi/lib/thumb/v6-m/nofp/libc_nano.a(libc_a-reent.o)
                              /opt/st/stm32cubeide_1.14.0/plugins/com.st.stm32cube.ide.mcu.externaltools.gnu-tools-for-stm32.11.3.rel1.linux64_1.1.100.202309141235/tools/bin/../lib/gcc/arm-none-eabi/11.3.1/../../../../arm-none-eabi/lib/thumb/v6-m/nofp/libc_nano.a(libc_a-closer.o) (errno)
/opt/st/stm32cubeide_1.14.0/plugins/com.st.stm32cube.ide.mcu.externaltools.gnu-tools-for-stm32.11.3.rel1.linux64_1.1.100.202309141235/tools/bin/../lib/gcc/arm-none-eabi/11.3.1/../../../../arm-none-eabi/lib/thumb/v6-m/nofp/libc_nano.a(libc_a-impure.o)
                              /opt/st/stm32cubeide_1.14.0/plugins/com.st.stm32cube.ide.mcu.externaltools.gnu-tools-for-stm32.11.3.rel1.linux64_1.1.100.202309141235/tools/bin/../lib/gcc/arm-none-eabi/11.3.1/../../../../arm-none-eabi/lib/thumb/v6-m/nofp/libc_nano.a(libc_a-reent.o) (_impure_ptr)
/opt/st/stm32cubeide_1.14.0/plugins/com.st.stm32cube.ide.mcu.externaltools.gnu-tools-for-stm32.11.3.rel1.linux64_1.1.100.202309141235/tools/bin/../lib/gcc/arm-none-eabi/11.3.1/../../../../arm-none-eabi/lib/thumb/v6-m/nofp/libc_nano.a(libc_a-lseekr.o)
                              /opt/st/stm32cubeide_1.14.0/plugins/com.st.stm32cube.ide.mcu.externaltools.gnu-tools-for-stm32.11.3.rel1.linux64_1.1.100.202309141235/tools/bin/../lib/gcc/arm-none-eabi/11.3.1/../../../../arm-none-eabi/lib/thumb/v6-m/nofp/libc_nano.a(libc_a-stdio.o) (_lseek_r)
[...]
Memory Configuration

Name             Origin             Length             Attributes
RAM              0x0000000020000000 0x0000000000000800 xrw
FLASH            0x0000000008000000 0x0000000000004000 xr
*default*        0x0000000000000000 0xffffffffffffffff

Linker script and memory map

LOAD /opt/st/stm32cubeide_1.14.0/plugins/com.st.stm32cube.ide.mcu.externaltools.gnu-tools-for-stm32.11.3.rel1.linux64_1.1.100.202309141235/tools/bin/../lib/gcc/arm-none-eabi/11.3.1/thumb/v6-m/nofp/crti.o
LOAD /opt/st/stm32cubeide_1.14.0/plugins/com.st.stm32cube.ide.mcu.externaltools.gnu-tools-for-stm32.11.3.rel1.linux64_1.1.100.202309141235/tools/bin/../lib/gcc/arm-none-eabi/11.3.1/thumb/v6-m/nofp/crtbegin.o
LOAD /opt/st/stm32cubeide_1.14.0/plugins/com.st.stm32cube.ide.mcu.externaltools.gnu-tools-for-stm32.11.3.rel1.linux64_1.1.100.202309141235/tools/bin/../lib/gcc/arm-none-eabi/11.3.1/../../../../arm-none-eabi/lib/thumb/v6-m/nofp/crt0.o
LOAD ./Core/Src/adc.o
LOAD ./Core/Src/gpio.o
LOAD ./Core/Src/led.o
LOAD ./Core/Src/main.o
LOAD ./Core/Src/spi.o
LOAD ./Core/Src/stm32l0xx_it.o
LOAD ./Core/Src/syscalls.o
LOAD ./Core/Src/sysmem.o
LOAD ./Core/Src/system_stm32l0xx.o
LOAD ./Core/Src/tim.o
LOAD ./Core/Src/usart.o
LOAD ./Core/Startup/startup_stm32l021k4tx.o
LOAD ./Drivers/STM32L0xx_HAL_Driver/Src/stm32l0xx_ll_adc.o
LOAD ./Drivers/STM32L0xx_HAL_Driver/Src/stm32l0xx_ll_dma.o
LOAD ./Drivers/STM32L0xx_HAL_Driver/Src/stm32l0xx_ll_exti.o
LOAD ./Drivers/STM32L0xx_HAL_Driver/Src/stm32l0xx_ll_gpio.o
LOAD ./Drivers/STM32L0xx_HAL_Driver/Src/stm32l0xx_ll_pwr.o
LOAD ./Drivers/STM32L0xx_HAL_Driver/Src/stm32l0xx_ll_rcc.o
LOAD ./Drivers/STM32L0xx_HAL_Driver/Src/stm32l0xx_ll_spi.o
LOAD ./Drivers/STM32L0xx_HAL_Driver/Src/stm32l0xx_ll_tim.o
LOAD ./Drivers/STM32L0xx_HAL_Driver/Src/stm32l0xx_ll_usart.o
LOAD ./Drivers/STM32L0xx_HAL_Driver/Src/stm32l0xx_ll_utils.o
START GROUP
LOAD /opt/st/stm32cubeide_1.14.0/plugins/com.st.stm32cube.ide.mcu.externaltools.gnu-tools-for-stm32.11.3.rel1.linux64_1.1.100.202309141235/tools/bin/../lib/gcc/arm-none-eabi/11.3.1/../../../../arm-none-eabi/lib/thumb/v6-m/nofp/libc_nano.a
LOAD /opt/st/stm32cubeide_1.14.0/plugins/com.st.stm32cube.ide.mcu.externaltools.gnu-tools-for-stm32.11.3.rel1.linux64_1.1.100.202309141235/tools/bin/../lib/gcc/arm-none-eabi/11.3.1/../../../../arm-none-eabi/lib/thumb/v6-m/nofp/libm.a
END GROUP
START GROUP
LOAD /opt/st/stm32cubeide_1.14.0/plugins/com.st.stm32cube.ide.mcu.externaltools.gnu-tools-for-stm32.11.3.rel1.linux64_1.1.100.202309141235/tools/bin/../lib/gcc/arm-none-eabi/11.3.1/thumb/v6-m/nofp/libgcc.a
LOAD /opt/st/stm32cubeide_1.14.0/plugins/com.st.stm32cube.ide.mcu.externaltools.gnu-tools-for-stm32.11.3.rel1.linux64_1.1.100.202309141235/tools/bin/../lib/gcc/arm-none-eabi/11.3.1/../../../../arm-none-eabi/lib/thumb/v6-m/nofp/libc_nano.a
END GROUP
START GROUP
LOAD /opt/st/stm32cubeide_1.14.0/plugins/com.st.stm32cube.ide.mcu.externaltools.gnu-tools-for-stm32.11.3.rel1.linux64_1.1.100.202309141235/tools/bin/../lib/gcc/arm-none-eabi/11.3.1/thumb/v6-m/nofp/libgcc.a
LOAD /opt/st/stm32cubeide_1.14.0/plugins/com.st.stm32cube.ide.mcu.externaltools.gnu-tools-for-stm32.11.3.rel1.linux64_1.1.100.202309141235/tools/bin/../lib/gcc/arm-none-eabi/11.3.1/../../../../arm-none-eabi/lib/thumb/v6-m/nofp/libc_nano.a
LOAD /opt/st/stm32cubeide_1.14.0/plugins/com.st.stm32cube.ide.mcu.externaltools.gnu-tools-for-stm32.11.3.rel1.linux64_1.1.100.202309141235/tools/bin/../lib/gcc/arm-none-eabi/11.3.1/../../../../arm-none-eabi/lib/thumb/v6-m/nofp/libnosys.a
END GROUP
START GROUP
LOAD /opt/st/stm32cubeide_1.14.0/plugins/com.st.stm32cube.ide.mcu.externaltools.gnu-tools-for-stm32.11.3.rel1.linux64_1.1.100.202309141235/tools/bin/../lib/gcc/arm-none-eabi/11.3.1/thumb/v6-m/nofp/libgcc.a
LOAD /opt/st/stm32cubeide_1.14.0/plugins/com.st.stm32cube.ide.mcu.externaltools.gnu-tools-for-stm32.11.3.rel1.linux64_1.1.100.202309141235/tools/bin/../lib/gcc/arm-none-eabi/11.3.1/../../../../arm-none-eabi/lib/thumb/v6-m/nofp/libc_nano.a
LOAD /opt/st/stm32cubeide_1.14.0/plugins/com.st.stm32cube.ide.mcu.externaltools.gnu-tools-for-stm32.11.3.rel1.linux64_1.1.100.202309141235/tools/bin/../lib/gcc/arm-none-eabi/11.3.1/../../../../arm-none-eabi/lib/thumb/v6-m/nofp/libnosys.a
END GROUP
LOAD /opt/st/stm32cubeide_1.14.0/plugins/com.st.stm32cube.ide.mcu.externaltools.gnu-tools-for-stm32.11.3.rel1.linux64_1.1.100.202309141235/tools/bin/../lib/gcc/arm-none-eabi/11.3.1/thumb/v6-m/nofp/crtend.o
LOAD /opt/st/stm32cubeide_1.14.0/plugins/com.st.stm32cube.ide.mcu.externaltools.gnu-tools-for-stm32.11.3.rel1.linux64_1.1.100.202309141235/tools/bin/../lib/gcc/arm-none-eabi/11.3.1/thumb/v6-m/nofp/crtn.o
                0x0000000020000800                _estack = (ORIGIN (RAM) + LENGTH (RAM))
                0x0000000000000200                _Min_Heap_Size = 0x200
                0x0000000000000400                _Min_Stack_Size = 0x400

.isr_vector     0x0000000008000000       0xc0
                0x0000000008000000                . = ALIGN (0x4)
 *(.isr_vector)
 .isr_vector    0x0000000008000000       0xc0 ./Core/Startup/startup_stm32l021k4tx.o
                0x0000000008000000                g_pfnVectors
                0x00000000080000c0                . = ALIGN (0x4)

.text           0x00000000080000c0     0x1dc8
                0x00000000080000c0                . = ALIGN (0x4)
 *(.text)
 .text          0x00000000080000c0       0x48 /opt/st/stm32cubeide_1.14.0/plugins/com.st.stm32cube.ide.mcu.externaltools.gnu-tools-for-stm32.11.3.rel1.linux64_1.1.100.202309141235/tools/bin/../lib/gcc/arm-none-eabi/11.3.1/thumb/v6-m/nofp/crtbegin.o
 .text          0x0000000008000108      0x114 /opt/st/stm32cubeide_1.14.0/plugins/com.st.stm32cube.ide.mcu.externaltools.gnu-tools-for-stm32.11.3.rel1.linux64_1.1.100.202309141235/tools/bin/../lib/gcc/arm-none-eabi/11.3.1/thumb/v6-m/nofp/libgcc.a(_udivsi3.o)
                0x0000000008000108                __udivsi3
                0x0000000008000108                __aeabi_uidiv
                0x0000000008000214                __aeabi_uidivmod
 .text          0x000000000800021c        0x4 /opt/st/stm32cubeide_1.14.0/plugins/com.st.stm32cube.ide.mcu.externaltools.gnu-tools-for-stm32.11.3.rel1.linux64_1.1.100.202309141235/tools/bin/../lib/gcc/arm-none-eabi/11.3.1/thumb/v6-m/nofp/libgcc.a(_dvmd_tls.o)
                0x000000000800021c                __aeabi_ldiv0
                0x000000000800021c                __aeabi_idiv0
 *(.text*)
 .text.LL_ADC_SetCommonFrequencyMode
                0x0000000008000220       0x28 ./Core/Src/adc.o
 .text.LL_ADC_SetSamplingTimeCommonChannels
                0x0000000008000248       0x24 ./Core/Src/adc.o
 .text.LL_ADC_REG_SetSequencerScanDirection
                0x000000000800026c       0x24 ./Core/Src/adc.o
 .text.LL_ADC_REG_SetSequencerChAdd
                0x0000000008000290       0x22 ./Core/Src/adc.o
 .text.LL_ADC_SetOverSamplingScope
                0x00000000080002b2       0x24 ./Core/Src/adc.o
 *fill*         0x00000000080002d6        0x2 
 .text.LL_ADC_EnableInternalRegulator
                0x00000000080002d8       0x28 ./Core/Src/adc.o
 .text.LL_ADC_DisableIT_EOC
                0x0000000008000300       0x1e ./Core/Src/adc.o
 .text.LL_ADC_DisableIT_EOS
                0x000000000800031e       0x1e ./Core/Src/adc.o
 .text.LL_APB2_GRP1_EnableClock
                0x000000000800033c       0x2c ./Core/Src/adc.o
 .text.LL_IOP_GRP1_EnableClock
                0x0000000008000368       0x2c ./Core/Src/adc.o
 .text.MX_ADC_Init
                0x0000000008000394      0x158 ./Core/Src/adc.o
                0x0000000008000394                MX_ADC_Init
 .text.LL_IOP_GRP1_EnableClock
                0x00000000080004ec       0x2c ./Core/Src/gpio.o
 .text.LL_GPIO_ResetOutputPin
                0x0000000008000518       0x18 ./Core/Src/gpio.o
 .text.MX_GPIO_Init
                0x0000000008000530       0x7a ./Core/Src/gpio.o
                0x0000000008000530                MX_GPIO_Init
 *fill*         0x00000000080005aa        0x2 
 .text.__NVIC_SetPriority
                0x00000000080005ac       0xdc ./Core/Src/main.o
 .text.LL_RCC_MSI_Enable
                0x0000000008000688       0x1c ./Core/Src/main.o
 .text.LL_RCC_MSI_IsReady
                0x00000000080006a4       0x28 ./Core/Src/main.o
 .text.LL_RCC_MSI_SetRange
                0x00000000080006cc       0x2c ./Core/Src/main.o
 .text.LL_RCC_MSI_SetCalibTrimming
                0x00000000080006f8       0x28 ./Core/Src/main.o
 .text.LL_RCC_SetSysClkSource
                0x0000000008000720       0x28 ./Core/Src/main.o
 .text.LL_RCC_GetSysClkSource
                0x0000000008000748       0x18 ./Core/Src/main.o
 .text.LL_RCC_SetAHBPrescaler
                0x0000000008000760       0x28 ./Core/Src/main.o
 .text.LL_RCC_SetAPB1Prescaler
                0x0000000008000788       0x2c ./Core/Src/main.o
 .text.LL_RCC_SetAPB2Prescaler
                0x00000000080007b4       0x2c ./Core/Src/main.o
 .text.LL_RCC_SetUSARTClockSource
                0x00000000080007e0       0x30 ./Core/Src/main.o
 .text.LL_APB1_GRP1_EnableClock
                0x0000000008000810       0x2c ./Core/Src/main.o
 .text.LL_APB2_GRP1_EnableClock
                0x000000000800083c       0x2c ./Core/Src/main.o
 .text.LL_FLASH_SetLatency
                0x0000000008000868       0x28 ./Core/Src/main.o
 .text.LL_FLASH_GetLatency
                0x0000000008000890       0x18 ./Core/Src/main.o
 .text.LL_PWR_SetRegulVoltageScaling
                0x00000000080008a8       0x2c ./Core/Src/main.o
 .text.LL_PWR_IsActiveFlag_VOS
                0x00000000080008d4       0x20 ./Core/Src/main.o
 .text.main     0x00000000080008f4       0x3a ./Core/Src/main.o
                0x00000000080008f4                main
 *fill*         0x000000000800092e        0x2 
 .text.SystemClock_Config
                0x0000000008000930       0x90 ./Core/Src/main.o
                0x0000000008000930                SystemClock_Config
 .text.LL_APB2_GRP1_EnableClock
                0x00000000080009c0       0x2c ./Core/Src/spi.o
 .text.LL_IOP_GRP1_EnableClock
                0x00000000080009ec       0x2c ./Core/Src/spi.o
 .text.LL_SPI_SetStandard
                0x0000000008000a18       0x24 ./Core/Src/spi.o
 .text.MX_SPI1_Init
                0x0000000008000a3c      0x130 ./Core/Src/spi.o
                0x0000000008000a3c                MX_SPI1_Init
 .text.NMI_Handler
                0x0000000008000b6c        0x6 ./Core/Src/stm32l0xx_it.o
                0x0000000008000b6c                NMI_Handler
 .text.HardFault_Handler
                0x0000000008000b72        0x6 ./Core/Src/stm32l0xx_it.o
                0x0000000008000b72                HardFault_Handler
 .text.SVC_Handler
                0x0000000008000b78        0xa ./Core/Src/stm32l0xx_it.o
                0x0000000008000b78                SVC_Handler
 .text.PendSV_Handler
                0x0000000008000b82        0xa ./Core/Src/stm32l0xx_it.o
                0x0000000008000b82                PendSV_Handler
 .text.SysTick_Handler
                0x0000000008000b8c        0xa ./Core/Src/stm32l0xx_it.o
                0x0000000008000b8c                SysTick_Handler
 .text.SystemInit
                0x0000000008000b96        0xa ./Core/Src/system_stm32l0xx.o
                0x0000000008000b96                SystemInit
 .text.LL_APB1_GRP1_EnableClock
                0x0000000008000ba0       0x2c ./Core/Src/tim.o
 .text.LL_IOP_GRP1_EnableClock
                0x0000000008000bcc       0x2c ./Core/Src/tim.o
 .text.LL_TIM_DisableARRPreload
                0x0000000008000bf8       0x1e ./Core/Src/tim.o
 *fill*         0x0000000008000c16        0x2 
 .text.LL_TIM_OC_DisableFast
                0x0000000008000c18       0x70 ./Core/Src/tim.o
 .text.LL_TIM_OC_EnablePreload
                0x0000000008000c88       0x70 ./Core/Src/tim.o
 .text.LL_TIM_SetClockSource
                0x0000000008000cf8       0x28 ./Core/Src/tim.o
 .text.LL_TIM_SetTriggerOutput
                0x0000000008000d20       0x24 ./Core/Src/tim.o
 .text.LL_TIM_DisableMasterSlaveMode
                0x0000000008000d44       0x1e ./Core/Src/tim.o
 *fill*         0x0000000008000d62        0x2 
 .text.MX_TIM2_Init
                0x0000000008000d64      0x114 ./Core/Src/tim.o
                0x0000000008000d64                MX_TIM2_Init
 .text.LL_APB1_GRP1_EnableClock
                0x0000000008000e78       0x2c ./Core/Src/usart.o
 .text.LL_IOP_GRP1_EnableClock
                0x0000000008000ea4       0x2c ./Core/Src/usart.o
 .text.LL_USART_Enable
                0x0000000008000ed0       0x1c ./Core/Src/usart.o
 .text.LL_USART_ConfigAsyncMode
                0x0000000008000eec       0x30 ./Core/Src/usart.o
 .text.MX_USART2_UART_Init
                0x0000000008000f1c       0xf0 ./Core/Src/usart.o
                0x0000000008000f1c                MX_USART2_UART_Init
 .text.Reset_Handler
                0x000000000800100c       0x80 ./Core/Startup/startup_stm32l021k4tx.o
                0x000000000800100c                Reset_Handler
 .text.Default_Handler
                0x000000000800108c        0x2 ./Core/Startup/startup_stm32l021k4tx.o
                0x000000000800108c                ADC1_COMP_IRQHandler
                0x000000000800108c                PVD_IRQHandler
                0x000000000800108c                I2C1_IRQHandler
                0x000000000800108c                SPI1_IRQHandler
                0x000000000800108c                EXTI2_3_IRQHandler
                0x000000000800108c                AES_LPUART1_IRQHandler
                0x000000000800108c                RTC_IRQHandler
                0x000000000800108c                EXTI4_15_IRQHandler
                0x000000000800108c                RCC_IRQHandler
                0x000000000800108c                DMA1_Channel1_IRQHandler
                0x000000000800108c                Default_Handler
                0x000000000800108c                DMA1_Channel4_5_IRQHandler
                0x000000000800108c                EXTI0_1_IRQHandler
                0x000000000800108c                TIM21_IRQHandler
                0x000000000800108c                WWDG_IRQHandler
                0x000000000800108c                TIM2_IRQHandler
                0x000000000800108c                DMA1_Channel2_3_IRQHandler
                0x000000000800108c                USART2_IRQHandler
                0x000000000800108c                FLASH_IRQHandler
                0x000000000800108c                LPTIM1_IRQHandler
 .text.LL_ADC_IsEnabled
                0x000000000800108e       0x20 ./Drivers/STM32L0xx_HAL_Driver/Src/stm32l0xx_ll_adc.o
 *fill*         0x00000000080010ae        0x2 
 .text.LL_ADC_Init
                0x00000000080010b0       0x6c ./Drivers/STM32L0xx_HAL_Driver/Src/stm32l0xx_ll_adc.o
                0x00000000080010b0                LL_ADC_Init
 .text.LL_ADC_REG_Init
                0x000000000800111c       0x64 ./Drivers/STM32L0xx_HAL_Driver/Src/stm32l0xx_ll_adc.o
                0x000000000800111c                LL_ADC_REG_Init
 .text.LL_GPIO_SetPinMode
                0x0000000008001180       0x38 ./Drivers/STM32L0xx_HAL_Driver/Src/stm32l0xx_ll_gpio.o
 .text.LL_GPIO_SetPinOutputType
                0x00000000080011b8       0x2a ./Drivers/STM32L0xx_HAL_Driver/Src/stm32l0xx_ll_gpio.o
 .text.LL_GPIO_SetPinSpeed
                0x00000000080011e2       0x38 ./Drivers/STM32L0xx_HAL_Driver/Src/stm32l0xx_ll_gpio.o
 .text.LL_GPIO_SetPinPull
                0x000000000800121a       0x38 ./Drivers/STM32L0xx_HAL_Driver/Src/stm32l0xx_ll_gpio.o
 .text.LL_GPIO_SetAFPin_0_7
                0x0000000008001252       0x46 ./Drivers/STM32L0xx_HAL_Driver/Src/stm32l0xx_ll_gpio.o
 .text.LL_GPIO_SetAFPin_8_15
                0x0000000008001298       0x5a ./Drivers/STM32L0xx_HAL_Driver/Src/stm32l0xx_ll_gpio.o
 .text.LL_GPIO_Init
                0x00000000080012f2       0xbc ./Drivers/STM32L0xx_HAL_Driver/Src/stm32l0xx_ll_gpio.o
                0x00000000080012f2                LL_GPIO_Init
 *fill*         0x00000000080013ae        0x2 
 .text.LL_RCC_HSI_IsReady
                0x00000000080013b0       0x20 ./Drivers/STM32L0xx_HAL_Driver/Src/stm32l0xx_ll_rcc.o
 .text.LL_RCC_LSE_IsReady
                0x00000000080013d0       0x28 ./Drivers/STM32L0xx_HAL_Driver/Src/stm32l0xx_ll_rcc.o
 .text.LL_RCC_MSI_GetRange
                0x00000000080013f8       0x18 ./Drivers/STM32L0xx_HAL_Driver/Src/stm32l0xx_ll_rcc.o
 .text.LL_RCC_GetSysClkSource
                0x0000000008001410       0x18 ./Drivers/STM32L0xx_HAL_Driver/Src/stm32l0xx_ll_rcc.o
 .text.LL_RCC_GetAHBPrescaler
                0x0000000008001428       0x18 ./Drivers/STM32L0xx_HAL_Driver/Src/stm32l0xx_ll_rcc.o
 .text.LL_RCC_GetAPB1Prescaler
                0x0000000008001440       0x18 ./Drivers/STM32L0xx_HAL_Driver/Src/stm32l0xx_ll_rcc.o
 .text.LL_RCC_GetUSARTClockSource
                0x0000000008001458       0x24 ./Drivers/STM32L0xx_HAL_Driver/Src/stm32l0xx_ll_rcc.o
 .text.LL_RCC_PLL_GetMainSource
                0x000000000800147c       0x18 ./Drivers/STM32L0xx_HAL_Driver/Src/stm32l0xx_ll_rcc.o
 .text.LL_RCC_PLL_GetMultiplicator
                0x0000000008001494       0x18 ./Drivers/STM32L0xx_HAL_Driver/Src/stm32l0xx_ll_rcc.o
 .text.LL_RCC_PLL_GetDivider
                0x00000000080014ac       0x18 ./Drivers/STM32L0xx_HAL_Driver/Src/stm32l0xx_ll_rcc.o
 .text.LL_RCC_IsActiveFlag_HSIDIV
                0x00000000080014c4       0x20 ./Drivers/STM32L0xx_HAL_Driver/Src/stm32l0xx_ll_rcc.o
 .text.LL_RCC_GetUSARTClockFreq
                0x00000000080014e4       0xac ./Drivers/STM32L0xx_HAL_Driver/Src/stm32l0xx_ll_rcc.o
                0x00000000080014e4                LL_RCC_GetUSARTClockFreq
 .text.RCC_GetSystemClockFreq
                0x0000000008001590       0x88 ./Drivers/STM32L0xx_HAL_Driver/Src/stm32l0xx_ll_rcc.o
 .text.RCC_GetHCLKClockFreq
                0x0000000008001618       0x2c ./Drivers/STM32L0xx_HAL_Driver/Src/stm32l0xx_ll_rcc.o
 .text.RCC_GetPCLK1ClockFreq
                0x0000000008001644       0x28 ./Drivers/STM32L0xx_HAL_Driver/Src/stm32l0xx_ll_rcc.o
 .text.RCC_PLL_GetFreqDomain_SYS
                0x000000000800166c       0x70 ./Drivers/STM32L0xx_HAL_Driver/Src/stm32l0xx_ll_rcc.o
 .text.LL_SPI_IsEnabled
                0x00000000080016dc       0x22 ./Drivers/STM32L0xx_HAL_Driver/Src/stm32l0xx_ll_spi.o
 .text.LL_SPI_SetCRCPolynomial
                0x00000000080016fe       0x1c ./Drivers/STM32L0xx_HAL_Driver/Src/stm32l0xx_ll_spi.o
 *fill*         0x000000000800171a        0x2 
 .text.LL_SPI_Init
                0x000000000800171c       0xac ./Drivers/STM32L0xx_HAL_Driver/Src/stm32l0xx_ll_spi.o
                0x000000000800171c                LL_SPI_Init
 .text.LL_TIM_SetPrescaler
                0x00000000080017c8       0x18 ./Drivers/STM32L0xx_HAL_Driver/Src/stm32l0xx_ll_tim.o
 .text.LL_TIM_SetAutoReload
                0x00000000080017e0       0x18 ./Drivers/STM32L0xx_HAL_Driver/Src/stm32l0xx_ll_tim.o
 .text.LL_TIM_OC_SetCompareCH1
                0x00000000080017f8       0x18 ./Drivers/STM32L0xx_HAL_Driver/Src/stm32l0xx_ll_tim.o
 .text.LL_TIM_OC_SetCompareCH2
                0x0000000008001810       0x18 ./Drivers/STM32L0xx_HAL_Driver/Src/stm32l0xx_ll_tim.o
 .text.LL_TIM_OC_SetCompareCH3
                0x0000000008001828       0x18 ./Drivers/STM32L0xx_HAL_Driver/Src/stm32l0xx_ll_tim.o
 .text.LL_TIM_OC_SetCompareCH4
                0x0000000008001840       0x18 ./Drivers/STM32L0xx_HAL_Driver/Src/stm32l0xx_ll_tim.o
 .text.LL_TIM_GenerateEvent_UPDATE
                0x0000000008001858       0x1c ./Drivers/STM32L0xx_HAL_Driver/Src/stm32l0xx_ll_tim.o
 .text.LL_TIM_Init
                0x0000000008001874       0x90 ./Drivers/STM32L0xx_HAL_Driver/Src/stm32l0xx_ll_tim.o
                0x0000000008001874                LL_TIM_Init
 .text.LL_TIM_OC_Init
                0x0000000008001904       0xb2 ./Drivers/STM32L0xx_HAL_Driver/Src/stm32l0xx_ll_tim.o
                0x0000000008001904                LL_TIM_OC_Init
 .text.OC1Config
                0x00000000080019b6       0x8c ./Drivers/STM32L0xx_HAL_Driver/Src/stm32l0xx_ll_tim.o
 *fill*         0x0000000008001a42        0x2 
 .text.OC2Config
                0x0000000008001a44       0x98 ./Drivers/STM32L0xx_HAL_Driver/Src/stm32l0xx_ll_tim.o
 .text.OC3Config
                0x0000000008001adc       0x94 ./Drivers/STM32L0xx_HAL_Driver/Src/stm32l0xx_ll_tim.o
 .text.OC4Config
                0x0000000008001b70       0x9c ./Drivers/STM32L0xx_HAL_Driver/Src/stm32l0xx_ll_tim.o
 .text.LL_USART_IsEnabled
                0x0000000008001c0c       0x22 ./Drivers/STM32L0xx_HAL_Driver/Src/stm32l0xx_ll_usart.o
 *fill*         0x0000000008001c2e        0x2 
 .text.LL_USART_SetStopBitsLength
                0x0000000008001c30       0x28 ./Drivers/STM32L0xx_HAL_Driver/Src/stm32l0xx_ll_usart.o
 .text.LL_USART_SetHWFlowCtrl
                0x0000000008001c58       0x28 ./Drivers/STM32L0xx_HAL_Driver/Src/stm32l0xx_ll_usart.o
 .text.LL_USART_SetBaudRate
                0x0000000008001c80       0x78 ./Drivers/STM32L0xx_HAL_Driver/Src/stm32l0xx_ll_usart.o
 .text.LL_USART_Init
                0x0000000008001cf8       0xb0 ./Drivers/STM32L0xx_HAL_Driver/Src/stm32l0xx_ll_usart.o
                0x0000000008001cf8                LL_USART_Init
 .text.LL_InitTick
                0x0000000008001da8       0x34 ./Drivers/STM32L0xx_HAL_Driver/Src/stm32l0xx_ll_utils.o
 .text.LL_Init1msTick
                0x0000000008001ddc       0x1e ./Drivers/STM32L0xx_HAL_Driver/Src/stm32l0xx_ll_utils.o
                0x0000000008001ddc                LL_Init1msTick
 *fill*         0x0000000008001dfa        0x2 
 .text.LL_SetSystemCoreClock
                0x0000000008001dfc       0x1c ./Drivers/STM32L0xx_HAL_Driver/Src/stm32l0xx_ll_utils.o
                0x0000000008001dfc                LL_SetSystemCoreClock
 .text.memset   0x0000000008001e18       0x10 /opt/st/stm32cubeide_1.14.0/plugins/com.st.stm32cube.ide.mcu.externaltools.gnu-tools-for-stm32.11.3.rel1.linux64_1.1.100.202309141235/tools/bin/../lib/gcc/arm-none-eabi/11.3.1/../../../../arm-none-eabi/lib/thumb/v6-m/nofp/libc_nano.a(libc_a-memset.o)
                0x0000000008001e18                memset
 .text.__libc_init_array
                0x0000000008001e28       0x48 /opt/st/stm32cubeide_1.14.0/plugins/com.st.stm32cube.ide.mcu.externaltools.gnu-tools-for-stm32.11.3.rel1.linux64_1.1.100.202309141235/tools/bin/../lib/gcc/arm-none-eabi/11.3.1/../../../../arm-none-eabi/lib/thumb/v6-m/nofp/libc_nano.a(libc_a-init.o)
                0x0000000008001e28                __libc_init_array
 *(.glue_7)
 .glue_7        0x0000000008001e70        0x0 linker stubs
 *(.glue_7t)
 .glue_7t       0x0000000008001e70        0x0 linker stubs
 *(.eh_frame)
 .eh_frame      0x0000000008001e70        0x0 /opt/st/stm32cubeide_1.14.0/plugins/com.st.stm32cube.ide.mcu.externaltools.gnu-tools-for-stm32.11.3.rel1.linux64_1.1.100.202309141235/tools/bin/../lib/gcc/arm-none-eabi/11.3.1/thumb/v6-m/nofp/crtbegin.o
 *(.init)
 .init          0x0000000008001e70        0x4 /opt/st/stm32cubeide_1.14.0/plugins/com.st.stm32cube.ide.mcu.externaltools.gnu-tools-for-stm32.11.3.rel1.linux64_1.1.100.202309141235/tools/bin/../lib/gcc/arm-none-eabi/11.3.1/thumb/v6-m/nofp/crti.o
                0x0000000008001e70                _init
 .init          0x0000000008001e74        0x8 /opt/st/stm32cubeide_1.14.0/plugins/com.st.stm32cube.ide.mcu.externaltools.gnu-tools-for-stm32.11.3.rel1.linux64_1.1.100.202309141235/tools/bin/../lib/gcc/arm-none-eabi/11.3.1/thumb/v6-m/nofp/crtn.o
 *(.fini)
 .fini          0x0000000008001e7c        0x4 /opt/st/stm32cubeide_1.14.0/plugins/com.st.stm32cube.ide.mcu.externaltools.gnu-tools-for-stm32.11.3.rel1.linux64_1.1.100.202309141235/tools/bin/../lib/gcc/arm-none-eabi/11.3.1/thumb/v6-m/nofp/crti.o
                0x0000000008001e7c                _fini
 .fini          0x0000000008001e80        0x8 /opt/st/stm32cubeide_1.14.0/plugins/com.st.stm32cube.ide.mcu.externaltools.gnu-tools-for-stm32.11.3.rel1.linux64_1.1.100.202309141235/tools/bin/../lib/gcc/arm-none-eabi/11.3.1/thumb/v6-m/nofp/crtn.o
                0x0000000008001e88                . = ALIGN (0x4)
                0x0000000008001e88                _etext = .

.vfp11_veneer   0x0000000008001e88        0x0
 .vfp11_veneer  0x0000000008001e88        0x0 linker stubs

.v4_bx          0x0000000008001e88        0x0
 .v4_bx         0x0000000008001e88        0x0 linker stubs

.iplt           0x0000000008001e88        0x0
 .iplt          0x0000000008001e88        0x0 /opt/st/stm32cubeide_1.14.0/plugins/com.st.stm32cube.ide.mcu.externaltools.gnu-tools-for-stm32.11.3.rel1.linux64_1.1.100.202309141235/tools/bin/../lib/gcc/arm-none-eabi/11.3.1/thumb/v6-m/nofp/crtbegin.o

.rodata         0x0000000008001e88       0x34
                0x0000000008001e88                . = ALIGN (0x4)
 *(.rodata)
 *(.rodata*)
 .rodata.AHBPrescTable
                0x0000000008001e88       0x10 ./Core/Src/system_stm32l0xx.o
                0x0000000008001e88                AHBPrescTable
 .rodata.APBPrescTable
                0x0000000008001e98        0x8 ./Core/Src/system_stm32l0xx.o
                0x0000000008001e98                APBPrescTable
 .rodata.PLLMulTable
                0x0000000008001ea0        0x9 ./Core/Src/system_stm32l0xx.o
                0x0000000008001ea0                PLLMulTable
 *fill*         0x0000000008001ea9        0x3 
 .rodata.OFFSET_TAB_CCMRx
                0x0000000008001eac        0x7 ./Core/Src/tim.o
 *fill*         0x0000000008001eb3        0x1 
 .rodata.SHIFT_TAB_OCxx
                0x0000000008001eb4        0x7 ./Core/Src/tim.o
                0x0000000008001ebc                . = ALIGN (0x4)
 *fill*         0x0000000008001ebb        0x1 

.rel.dyn        0x0000000008001ebc        0x0
 .rel.iplt      0x0000000008001ebc        0x0 /opt/st/stm32cubeide_1.14.0/plugins/com.st.stm32cube.ide.mcu.externaltools.gnu-tools-for-stm32.11.3.rel1.linux64_1.1.100.202309141235/tools/bin/../lib/gcc/arm-none-eabi/11.3.1/thumb/v6-m/nofp/crtbegin.o

.ARM.extab      0x0000000008001ebc        0x0
                0x0000000008001ebc                . = ALIGN (0x4)
 *(.ARM.extab* .gnu.linkonce.armextab.*)
                0x0000000008001ebc                . = ALIGN (0x4)

.ARM            0x0000000008001ebc        0x0
                0x0000000008001ebc                . = ALIGN (0x4)
                0x0000000008001ebc                __exidx_start = .
 *(.ARM.exidx*)
                0x0000000008001ebc                __exidx_end = .
                0x0000000008001ebc                . = ALIGN (0x4)

.preinit_array  0x0000000008001ebc        0x0
                0x0000000008001ebc                . = ALIGN (0x4)
                0x0000000008001ebc                PROVIDE (__preinit_array_start = .)
 *(.preinit_array*)
                0x0000000008001ebc                PROVIDE (__preinit_array_end = .)
                0x0000000008001ebc                . = ALIGN (0x4)

.init_array     0x0000000008001ebc        0x4
                0x0000000008001ebc                . = ALIGN (0x4)
                0x0000000008001ebc                PROVIDE (__init_array_start = .)
 *(SORT_BY_NAME(.init_array.*))
 *(.init_array*)
 .init_array    0x0000000008001ebc        0x4 /opt/st/stm32cubeide_1.14.0/plugins/com.st.stm32cube.ide.mcu.externaltools.gnu-tools-for-stm32.11.3.rel1.linux64_1.1.100.202309141235/tools/bin/../lib/gcc/arm-none-eabi/11.3.1/thumb/v6-m/nofp/crtbegin.o
                0x0000000008001ec0                PROVIDE (__init_array_end = .)
                0x0000000008001ec0                . = ALIGN (0x4)

.fini_array     0x0000000008001ec0        0x4
                0x0000000008001ec0                . = ALIGN (0x4)
                [!provide]                        PROVIDE (__fini_array_start = .)
 *(SORT_BY_NAME(.fini_array.*))
 *(.fini_array*)
 .fini_array    0x0000000008001ec0        0x4 /opt/st/stm32cubeide_1.14.0/plugins/com.st.stm32cube.ide.mcu.externaltools.gnu-tools-for-stm32.11.3.rel1.linux64_1.1.100.202309141235/tools/bin/../lib/gcc/arm-none-eabi/11.3.1/thumb/v6-m/nofp/crtbegin.o
                [!provide]                        PROVIDE (__fini_array_end = .)
                0x0000000008001ec4                . = ALIGN (0x4)
                0x0000000008001ec4                _sidata = LOADADDR (.data)

.data           0x0000000020000000        0x4 load address 0x0000000008001ec4
                0x0000000020000000                . = ALIGN (0x4)
                0x0000000020000000                _sdata = .
 *(.data)
 *(.data*)
 .data.SystemCoreClock
                0x0000000020000000        0x4 ./Core/Src/system_stm32l0xx.o
                0x0000000020000000                SystemCoreClock
 *(.RamFunc)
 *(.RamFunc*)
                0x0000000020000004                . = ALIGN (0x4)
                0x0000000020000004                _edata = .

.igot.plt       0x0000000020000004        0x0 load address 0x0000000008001ec8
 .igot.plt      0x0000000020000004        0x0 /opt/st/stm32cubeide_1.14.0/plugins/com.st.stm32cube.ide.mcu.externaltools.gnu-tools-for-stm32.11.3.rel1.linux64_1.1.100.202309141235/tools/bin/../lib/gcc/arm-none-eabi/11.3.1/thumb/v6-m/nofp/crtbegin.o
                0x0000000020000004                . = ALIGN (0x4)

.bss            0x0000000020000004       0x1c load address 0x0000000008001ec8
                0x0000000020000004                _sbss = .
                0x0000000020000004                __bss_start__ = _sbss
 *(.bss)
 .bss           0x0000000020000004       0x1c /opt/st/stm32cubeide_1.14.0/plugins/com.st.stm32cube.ide.mcu.externaltools.gnu-tools-for-stm32.11.3.rel1.linux64_1.1.100.202309141235/tools/bin/../lib/gcc/arm-none-eabi/11.3.1/thumb/v6-m/nofp/crtbegin.o
 *(.bss*)
 *(COMMON)
                0x0000000020000020                . = ALIGN (0x4)
                0x0000000020000020                _ebss = .
                0x0000000020000020                __bss_end__ = _ebss

._user_heap_stack
                0x0000000020000020      0x600 load address 0x0000000008001ec8
                0x0000000020000020                . = ALIGN (0x8)
                [!provide]                        PROVIDE (end = .)
                0x0000000020000020                PROVIDE (_end = .)
                0x0000000020000220                . = (. + _Min_Heap_Size)
 *fill*         0x0000000020000020      0x200 
                0x0000000020000620                . = (. + _Min_Stack_Size)
 *fill*         0x0000000020000220      0x400 
                0x0000000020000620                . = ALIGN (0x8)

/DISCARD/
 libc.a(*)
 libm.a(*)
 libgcc.a(*)

.ARM.attributes
                0x0000000000000000       0x28
 *(.ARM.attributes)
 .ARM.attributes
                0x0000000000000000       0x1e /opt/st/stm32cubeide_1.14.0/plugins/com.st.stm32cube.ide.mcu.externaltools.gnu-tools-for-stm32.11.3.rel1.linux64_1.1.100.202309141235/tools/bin/../lib/gcc/arm-none-eabi/11.3.1/thumb/v6-m/nofp/crti.o
 .ARM.attributes
                0x000000000000001e       0x2c /opt/st/stm32cubeide_1.14.0/plugins/com.st.stm32cube.ide.mcu.externaltools.gnu-tools-for-stm32.11.3.rel1.linux64_1.1.100.202309141235/tools/bin/../lib/gcc/arm-none-eabi/11.3.1/thumb/v6-m/nofp/crtbegin.o
 .ARM.attributes
                0x000000000000004a       0x2c ./Core/Src/adc.o
 .ARM.attributes
                0x0000000000000076       0x2c ./Core/Src/gpio.o
 .ARM.attributes
                0x00000000000000a2       0x2c ./Core/Src/main.o
 .ARM.attributes
                0x00000000000000ce       0x2c ./Core/Src/spi.o
 .ARM.attributes
                0x00000000000000fa       0x2c ./Core/Src/stm32l0xx_it.o
 .ARM.attributes
                0x0000000000000126       0x2c ./Core/Src/system_stm32l0xx.o
 .ARM.attributes
                0x0000000000000152       0x2c ./Core/Src/tim.o
 .ARM.attributes
                0x000000000000017e       0x2c ./Core/Src/usart.o
 .ARM.attributes
                0x00000000000001aa       0x22 ./Core/Startup/startup_stm32l021k4tx.o
 .ARM.attributes
                0x00000000000001cc       0x2c ./Drivers/STM32L0xx_HAL_Driver/Src/stm32l0xx_ll_adc.o
 .ARM.attributes
                0x00000000000001f8       0x2c ./Drivers/STM32L0xx_HAL_Driver/Src/stm32l0xx_ll_gpio.o
 .ARM.attributes
                0x0000000000000224       0x2c ./Drivers/STM32L0xx_HAL_Driver/Src/stm32l0xx_ll_rcc.o
 .ARM.attributes
                0x0000000000000250       0x2c ./Drivers/STM32L0xx_HAL_Driver/Src/stm32l0xx_ll_spi.o
 .ARM.attributes
                0x000000000000027c       0x2c ./Drivers/STM32L0xx_HAL_Driver/Src/stm32l0xx_ll_tim.o
 .ARM.attributes
                0x00000000000002a8       0x2c ./Drivers/STM32L0xx_HAL_Driver/Src/stm32l0xx_ll_usart.o
 .ARM.attributes
                0x00000000000002d4       0x2c ./Drivers/STM32L0xx_HAL_Driver/Src/stm32l0xx_ll_utils.o
 .ARM.attributes
                0x0000000000000300       0x2c /opt/st/stm32cubeide_1.14.0/plugins/com.st.stm32cube.ide.mcu.externaltools.gnu-tools-for-stm32.11.3.rel1.linux64_1.1.100.202309141235/tools/bin/../lib/gcc/arm-none-eabi/11.3.1/../../../../arm-none-eabi/lib/thumb/v6-m/nofp/libc_nano.a(libc_a-memset.o)
 .ARM.attributes
                0x000000000000032c       0x2c /opt/st/stm32cubeide_1.14.0/plugins/com.st.stm32cube.ide.mcu.externaltools.gnu-tools-for-stm32.11.3.rel1.linux64_1.1.100.202309141235/tools/bin/../lib/gcc/arm-none-eabi/11.3.1/../../../../arm-none-eabi/lib/thumb/v6-m/nofp/libc_nano.a(libc_a-init.o)
 .ARM.attributes
                0x0000000000000358       0x1e /opt/st/stm32cubeide_1.14.0/plugins/com.st.stm32cube.ide.mcu.externaltools.gnu-tools-for-stm32.11.3.rel1.linux64_1.1.100.202309141235/tools/bin/../lib/gcc/arm-none-eabi/11.3.1/thumb/v6-m/nofp/libgcc.a(_udivsi3.o)
 .ARM.attributes
                0x0000000000000376       0x1e /opt/st/stm32cubeide_1.14.0/plugins/com.st.stm32cube.ide.mcu.externaltools.gnu-tools-for-stm32.11.3.rel1.linux64_1.1.100.202309141235/tools/bin/../lib/gcc/arm-none-eabi/11.3.1/thumb/v6-m/nofp/libgcc.a(_dvmd_tls.o)
 .ARM.attributes
                0x0000000000000394       0x1e /opt/st/stm32cubeide_1.14.0/plugins/com.st.stm32cube.ide.mcu.externaltools.gnu-tools-for-stm32.11.3.rel1.linux64_1.1.100.202309141235/tools/bin/../lib/gcc/arm-none-eabi/11.3.1/thumb/v6-m/nofp/crtn.o
OUTPUT(Stm32.elf elf32-littlearm)
LOAD linker stubs
LOAD /opt/st/stm32cubeide_1.14.0/plugins/com.st.stm32cube.ide.mcu.externaltools.gnu-tools-for-stm32.11.3.rel1.linux64_1.1.100.202309141235/tools/bin/../lib/gcc/arm-none-eabi/11.3.1/../../../../arm-none-eabi/lib/thumb/v6-m/nofp/libc.a
LOAD /opt/st/stm32cubeide_1.14.0/plugins/com.st.stm32cube.ide.mcu.externaltools.gnu-tools-for-stm32.11.3.rel1.linux64_1.1.100.202309141235/tools/bin/../lib/gcc/arm-none-eabi/11.3.1/../../../../arm-none-eabi/lib/thumb/v6-m/nofp/libm.a
LOAD /opt/st/stm32cubeide_1.14.0/plugins/com.st.stm32cube.ide.mcu.externaltools.gnu-tools-for-stm32.11.3.rel1.linux64_1.1.100.202309141235/tools/bin/../lib/gcc/arm-none-eabi/11.3.1/thumb/v6-m/nofp/libgcc.a

.comment        0x0000000000000000       0x43
 .comment       0x0000000000000000       0x43 /opt/st/stm32cubeide_1.14.0/plugins/com.st.stm32cube.ide.mcu.externaltools.gnu-tools-for-stm32.11.3.rel1.linux64_1.1.100.202309141235/tools/bin/../lib/gcc/arm-none-eabi/11.3.1/thumb/v6-m/nofp/crtbegin.o
                                         0x44 (size before relaxing)
 .comment       0x0000000000000043       0x44 ./Core/Src/adc.o
 .comment       0x0000000000000043       0x44 ./Core/Src/gpio.o
 .comment       0x0000000000000043       0x44 ./Core/Src/main.o
 .comment       0x0000000000000043       0x44 ./Core/Src/spi.o
 .comment       0x0000000000000043       0x44 ./Core/Src/stm32l0xx_it.o
 .comment       0x0000000000000043       0x44 ./Core/Src/system_stm32l0xx.o
 .comment       0x0000000000000043       0x44 ./Core/Src/tim.o
 .comment       0x0000000000000043       0x44 ./Core/Src/usart.o
 .comment       0x0000000000000043       0x44 ./Drivers/STM32L0xx_HAL_Driver/Src/stm32l0xx_ll_adc.o
 .comment       0x0000000000000043       0x44 ./Drivers/STM32L0xx_HAL_Driver/Src/stm32l0xx_ll_gpio.o
 .comment       0x0000000000000043       0x44 ./Drivers/STM32L0xx_HAL_Driver/Src/stm32l0xx_ll_rcc.o
 .comment       0x0000000000000043       0x44 ./Drivers/STM32L0xx_HAL_Driver/Src/stm32l0xx_ll_spi.o
 .comment       0x0000000000000043       0x44 ./Drivers/STM32L0xx_HAL_Driver/Src/stm32l0xx_ll_tim.o
 .comment       0x0000000000000043       0x44 ./Drivers/STM32L0xx_HAL_Driver/Src/stm32l0xx_ll_usart.o
 .comment       0x0000000000000043       0x44 ./Drivers/STM32L0xx_HAL_Driver/Src/stm32l0xx_ll_utils.o

.debug_info     0x0000000000000000     0x5e08
 .debug_info    0x0000000000000000      0x825 ./Core/Src/adc.o
 .debug_info    0x0000000000000825      0x41a ./Core/Src/gpio.o
 .debug_info    0x0000000000000c3f      0x86d ./Core/Src/main.o
 .debug_info    0x00000000000014ac      0x577 ./Core/Src/spi.o
 .debug_info    0x0000000000001a23      0x15d ./Core/Src/stm32l0xx_it.o
 .debug_info    0x0000000000001b80      0x2c9 ./Core/Src/system_stm32l0xx.o
 .debug_info    0x0000000000001e49      0x7af ./Core/Src/tim.o
 .debug_info    0x00000000000025f8      0x5a2 ./Core/Src/usart.o
 .debug_info    0x0000000000002b9a       0x23 ./Core/Startup/startup_stm32l021k4tx.o
 .debug_info    0x0000000000002bbd      0x742 ./Drivers/STM32L0xx_HAL_Driver/Src/stm32l0xx_ll_adc.o
 .debug_info    0x00000000000032ff      0x566 ./Drivers/STM32L0xx_HAL_Driver/Src/stm32l0xx_ll_gpio.o
 .debug_info    0x0000000000003865      0x70a ./Drivers/STM32L0xx_HAL_Driver/Src/stm32l0xx_ll_rcc.o
 .debug_info    0x0000000000003f6f      0x41a ./Drivers/STM32L0xx_HAL_Driver/Src/stm32l0xx_ll_spi.o
 .debug_info    0x0000000000004389      0xc1b ./Drivers/STM32L0xx_HAL_Driver/Src/stm32l0xx_ll_tim.o
 .debug_info    0x0000000000004fa4      0x5fa ./Drivers/STM32L0xx_HAL_Driver/Src/stm32l0xx_ll_usart.o
 .debug_info    0x000000000000559e      0x86a ./Drivers/STM32L0xx_HAL_Driver/Src/stm32l0xx_ll_utils.o

.debug_abbrev   0x0000000000000000     0x1973
 .debug_abbrev  0x0000000000000000      0x192 ./Core/Src/adc.o
 .debug_abbrev  0x0000000000000192      0x197 ./Core/Src/gpio.o
 .debug_abbrev  0x0000000000000329      0x24e ./Core/Src/main.o
 .debug_abbrev  0x0000000000000577      0x19c ./Core/Src/spi.o
 .debug_abbrev  0x0000000000000713       0x81 ./Core/Src/stm32l0xx_it.o
 .debug_abbrev  0x0000000000000794      0x11c ./Core/Src/system_stm32l0xx.o
 .debug_abbrev  0x00000000000008b0      0x199 ./Core/Src/tim.o
 .debug_abbrev  0x0000000000000a49      0x19b ./Core/Src/usart.o
 .debug_abbrev  0x0000000000000be4       0x12 ./Core/Startup/startup_stm32l021k4tx.o
 .debug_abbrev  0x0000000000000bf6      0x1e1 ./Drivers/STM32L0xx_HAL_Driver/Src/stm32l0xx_ll_adc.o
 .debug_abbrev  0x0000000000000dd7      0x1a6 ./Drivers/STM32L0xx_HAL_Driver/Src/stm32l0xx_ll_gpio.o
 .debug_abbrev  0x0000000000000f7d      0x223 ./Drivers/STM32L0xx_HAL_Driver/Src/stm32l0xx_ll_rcc.o
 .debug_abbrev  0x00000000000011a0      0x186 ./Drivers/STM32L0xx_HAL_Driver/Src/stm32l0xx_ll_spi.o
 .debug_abbrev  0x0000000000001326      0x211 ./Drivers/STM32L0xx_HAL_Driver/Src/stm32l0xx_ll_tim.o
 .debug_abbrev  0x0000000000001537      0x1e4 ./Drivers/STM32L0xx_HAL_Driver/Src/stm32l0xx_ll_usart.o
 .debug_abbrev  0x000000000000171b      0x258 ./Drivers/STM32L0xx_HAL_Driver/Src/stm32l0xx_ll_utils.o

.debug_aranges  0x0000000000000000      0x7c0
 .debug_aranges
                0x0000000000000000       0x70 ./Core/Src/adc.o
 .debug_aranges
                0x0000000000000070       0x30 ./Core/Src/gpio.o
 .debug_aranges
                0x00000000000000a0       0xb8 ./Core/Src/main.o
 .debug_aranges
                0x0000000000000158       0x38 ./Core/Src/spi.o
 .debug_aranges
                0x0000000000000190       0x40 ./Core/Src/stm32l0xx_it.o
 .debug_aranges
                0x00000000000001d0       0x28 ./Core/Src/system_stm32l0xx.o
 .debug_aranges
                0x00000000000001f8       0x60 ./Core/Src/tim.o
 .debug_aranges
                0x0000000000000258       0x40 ./Core/Src/usart.o
 .debug_aranges
                0x0000000000000298       0x28 ./Core/Startup/startup_stm32l021k4tx.o
 .debug_aranges
                0x00000000000002c0       0xa8 ./Drivers/STM32L0xx_HAL_Driver/Src/stm32l0xx_ll_adc.o
 .debug_aranges
                0x0000000000000368       0x70 ./Drivers/STM32L0xx_HAL_Driver/Src/stm32l0xx_ll_gpio.o
 .debug_aranges
                0x00000000000003d8      0x130 ./Drivers/STM32L0xx_HAL_Driver/Src/stm32l0xx_ll_rcc.o
 .debug_aranges
                0x0000000000000508       0x50 ./Drivers/STM32L0xx_HAL_Driver/Src/stm32l0xx_ll_spi.o
 .debug_aranges
                0x0000000000000558      0x100 ./Drivers/STM32L0xx_HAL_Driver/Src/stm32l0xx_ll_tim.o
 .debug_aranges
                0x0000000000000658       0x78 ./Drivers/STM32L0xx_HAL_Driver/Src/stm32l0xx_ll_usart.o
 .debug_aranges
                0x00000000000006d0       0xf0 ./Drivers/STM32L0xx_HAL_Driver/Src/stm32l0xx_ll_utils.o

.debug_rnglists
                0x0000000000000000      0x59e
 .debug_rnglists
                0x0000000000000000       0x50 ./Core/Src/adc.o
 .debug_rnglists
                0x0000000000000050       0x1f ./Core/Src/gpio.o
 .debug_rnglists
                0x000000000000006f       0x87 ./Core/Src/main.o
 .debug_rnglists
                0x00000000000000f6       0x26 ./Core/Src/spi.o
 .debug_rnglists
                0x000000000000011c       0x2b ./Core/Src/stm32l0xx_it.o
 .debug_rnglists
                0x0000000000000147       0x1a ./Core/Src/system_stm32l0xx.o
 .debug_rnglists
                0x0000000000000161       0x44 ./Core/Src/tim.o
 .debug_rnglists
                0x00000000000001a5       0x2c ./Core/Src/usart.o
 .debug_rnglists
                0x00000000000001d1       0x1a ./Core/Startup/startup_stm32l021k4tx.o
 .debug_rnglists
                0x00000000000001eb       0x7a ./Drivers/STM32L0xx_HAL_Driver/Src/stm32l0xx_ll_adc.o
 .debug_rnglists
                0x0000000000000265       0x50 ./Drivers/STM32L0xx_HAL_Driver/Src/stm32l0xx_ll_gpio.o
 .debug_rnglists
                0x00000000000002b5       0xe5 ./Drivers/STM32L0xx_HAL_Driver/Src/stm32l0xx_ll_rcc.o
 .debug_rnglists
                0x000000000000039a       0x38 ./Drivers/STM32L0xx_HAL_Driver/Src/stm32l0xx_ll_spi.o
 .debug_rnglists
                0x00000000000003d2       0xc3 ./Drivers/STM32L0xx_HAL_Driver/Src/stm32l0xx_ll_tim.o
 .debug_rnglists
                0x0000000000000495       0x56 ./Drivers/STM32L0xx_HAL_Driver/Src/stm32l0xx_ll_usart.o
 .debug_rnglists
                0x00000000000004eb       0xb3 ./Drivers/STM32L0xx_HAL_Driver/Src/stm32l0xx_ll_utils.o

.debug_macro    0x0000000000000000     0xceb3
 .debug_macro   0x0000000000000000      0x158 ./Core/Src/adc.o
 .debug_macro   0x0000000000000158      0xac0 ./Core/Src/adc.o
 .debug_macro   0x0000000000000c18       0x2e ./Core/Src/adc.o
 .debug_macro   0x0000000000000c46       0x28 ./Core/Src/adc.o
 .debug_macro   0x0000000000000c6e       0x22 ./Core/Src/adc.o
 .debug_macro   0x0000000000000c90       0x8e ./Core/Src/adc.o
 .debug_macro   0x0000000000000d1e       0x51 ./Core/Src/adc.o
 .debug_macro   0x0000000000000d6f      0x103 ./Core/Src/adc.o
 .debug_macro   0x0000000000000e72       0x6a ./Core/Src/adc.o
 .debug_macro   0x0000000000000edc      0x1df ./Core/Src/adc.o
 .debug_macro   0x00000000000010bb       0x1c ./Core/Src/adc.o
 .debug_macro   0x00000000000010d7       0x22 ./Core/Src/adc.o
 .debug_macro   0x00000000000010f9       0xaf ./Core/Src/adc.o
 .debug_macro   0x00000000000011a8      0x3ad ./Core/Src/adc.o
 .debug_macro   0x0000000000001555     0x7e0b ./Core/Src/adc.o
 .debug_macro   0x0000000000009360       0x66 ./Core/Src/adc.o
 .debug_macro   0x00000000000093c6      0x6be ./Core/Src/adc.o
 .debug_macro   0x0000000000009a84      0x3b4 ./Core/Src/adc.o
 .debug_macro   0x0000000000009e38       0xad ./Core/Src/adc.o
 .debug_macro   0x0000000000009ee5      0x13d ./Core/Src/adc.o
 .debug_macro   0x000000000000a022      0x108 ./Core/Src/adc.o
 .debug_macro   0x000000000000a12a       0x16 ./Core/Src/adc.o
 .debug_macro   0x000000000000a140       0x2a ./Core/Src/adc.o
 .debug_macro   0x000000000000a16a       0xda ./Core/Src/adc.o
 .debug_macro   0x000000000000a244      0x285 ./Core/Src/adc.o
 .debug_macro   0x000000000000a4c9      0x123 ./Core/Src/adc.o
 .debug_macro   0x000000000000a5ec      0x545 ./Core/Src/adc.o
 .debug_macro   0x000000000000ab31      0x30c ./Core/Src/adc.o
 .debug_macro   0x000000000000ae3d      0x12d ./Core/Src/adc.o
 .debug_macro   0x000000000000af6a       0x3a ./Core/Src/adc.o
 .debug_macro   0x000000000000afa4      0x158 ./Core/Src/gpio.o
 .debug_macro   0x000000000000b0fc      0x184 ./Core/Src/main.o
 .debug_macro   0x000000000000b280      0x158 ./Core/Src/spi.o
 .debug_macro   0x000000000000b3d8      0x158 ./Core/Src/stm32l0xx_it.o
 .debug_macro   0x000000000000b530       0xba ./Core/Src/system_stm32l0xx.o
 .debug_macro   0x000000000000b5ea      0x158 ./Core/Src/tim.o
 .debug_macro   0x000000000000b742      0x158 ./Core/Src/usart.o
 .debug_macro   0x000000000000b89a      0x131 ./Drivers/STM32L0xx_HAL_Driver/Src/stm32l0xx_ll_adc.o
 .debug_macro   0x000000000000b9cb       0xfc ./Drivers/STM32L0xx_HAL_Driver/Src/stm32l0xx_ll_gpio.o
 .debug_macro   0x000000000000bac7      0x127 ./Drivers/STM32L0xx_HAL_Driver/Src/stm32l0xx_ll_gpio.o
 .debug_macro   0x000000000000bbee       0xe7 ./Drivers/STM32L0xx_HAL_Driver/Src/stm32l0xx_ll_rcc.o
 .debug_macro   0x000000000000bcd5      0x3ae ./Drivers/STM32L0xx_HAL_Driver/Src/stm32l0xx_ll_rcc.o
 .debug_macro   0x000000000000c083      0x123 ./Drivers/STM32L0xx_HAL_Driver/Src/stm32l0xx_ll_spi.o
 .debug_macro   0x000000000000c1a6      0x11d ./Drivers/STM32L0xx_HAL_Driver/Src/stm32l0xx_ll_spi.o
 .debug_macro   0x000000000000c2c3      0x11a ./Drivers/STM32L0xx_HAL_Driver/Src/stm32l0xx_ll_tim.o
 .debug_macro   0x000000000000c3dd      0x53f ./Drivers/STM32L0xx_HAL_Driver/Src/stm32l0xx_ll_tim.o
 .debug_macro   0x000000000000c91c      0x12f ./Drivers/STM32L0xx_HAL_Driver/Src/stm32l0xx_ll_usart.o
 .debug_macro   0x000000000000ca4b      0x306 ./Drivers/STM32L0xx_HAL_Driver/Src/stm32l0xx_ll_usart.o
 .debug_macro   0x000000000000cd51      0x162 ./Drivers/STM32L0xx_HAL_Driver/Src/stm32l0xx_ll_utils.o

.debug_line     0x0000000000000000     0x6a3b
 .debug_line    0x0000000000000000      0x6f3 ./Core/Src/adc.o
 .debug_line    0x00000000000006f3      0x5fb ./Core/Src/gpio.o
 .debug_line    0x0000000000000cee      0x8b0 ./Core/Src/main.o
 .debug_line    0x000000000000159e      0x660 ./Core/Src/spi.o
 .debug_line    0x0000000000001bfe      0x602 ./Core/Src/stm32l0xx_it.o
 .debug_line    0x0000000000002200      0x4e3 ./Core/Src/system_stm32l0xx.o
 .debug_line    0x00000000000026e3      0x765 ./Core/Src/tim.o
 .debug_line    0x0000000000002e48      0x664 ./Core/Src/usart.o
 .debug_line    0x00000000000034ac       0x8d ./Core/Startup/startup_stm32l021k4tx.o
 .debug_line    0x0000000000003539      0x6fe ./Drivers/STM32L0xx_HAL_Driver/Src/stm32l0xx_ll_adc.o
 .debug_line    0x0000000000003c37      0x603 ./Drivers/STM32L0xx_HAL_Driver/Src/stm32l0xx_ll_gpio.o
 .debug_line    0x000000000000423a      0xa12 ./Drivers/STM32L0xx_HAL_Driver/Src/stm32l0xx_ll_rcc.o
 .debug_line    0x0000000000004c4c      0x58a ./Drivers/STM32L0xx_HAL_Driver/Src/stm32l0xx_ll_spi.o
 .debug_line    0x00000000000051d6      0x8f7 ./Drivers/STM32L0xx_HAL_Driver/Src/stm32l0xx_ll_tim.o
 .debug_line    0x0000000000005acd      0x66c ./Drivers/STM32L0xx_HAL_Driver/Src/stm32l0xx_ll_usart.o
 .debug_line    0x0000000000006139      0x902 ./Drivers/STM32L0xx_HAL_Driver/Src/stm32l0xx_ll_utils.o

.debug_str      0x0000000000000000    0x430c0
 .debug_str     0x0000000000000000    0x3e5a5 ./Core/Src/adc.o
                                      0x3e83c (size before relaxing)
 .debug_str     0x000000000003e5a5       0x51 ./Core/Src/gpio.o
                                      0x3e5a8 (size before relaxing)
 .debug_str     0x000000000003e5f6      0x3d4 ./Core/Src/main.o
                                      0x3e980 (size before relaxing)
 .debug_str     0x000000000003e9ca       0xcd ./Core/Src/spi.o
                                      0x3e667 (size before relaxing)
 .debug_str     0x000000000003ea97       0x76 ./Core/Src/stm32l0xx_it.o
                                      0x3e458 (size before relaxing)
 .debug_str     0x000000000003eb0d       0x89 ./Core/Src/system_stm32l0xx.o
                                      0x31257 (size before relaxing)
 .debug_str     0x000000000003eb96      0x1da ./Core/Src/tim.o
                                      0x3e78e (size before relaxing)
 .debug_str     0x000000000003ed70       0xc1 ./Core/Src/usart.o
                                      0x3e677 (size before relaxing)
 .debug_str     0x000000000003ee31       0x34 ./Core/Startup/startup_stm32l021k4tx.o
                                         0x95 (size before relaxing)
 .debug_str     0x000000000003ee65      0xe39 ./Drivers/STM32L0xx_HAL_Driver/Src/stm32l0xx_ll_adc.o
                                      0x36c94 (size before relaxing)
 .debug_str     0x000000000003fc9e      0x539 ./Drivers/STM32L0xx_HAL_Driver/Src/stm32l0xx_ll_gpio.o
                                      0x32358 (size before relaxing)
 .debug_str     0x00000000000401d7      0x521 ./Drivers/STM32L0xx_HAL_Driver/Src/stm32l0xx_ll_rcc.o
                                      0x3305c (size before relaxing)
 .debug_str     0x00000000000406f8      0x744 ./Drivers/STM32L0xx_HAL_Driver/Src/stm32l0xx_ll_spi.o
                                      0x33d9a (size before relaxing)
 .debug_str     0x0000000000040e3c      0xd86 ./Drivers/STM32L0xx_HAL_Driver/Src/stm32l0xx_ll_tim.o
                                      0x34fd2 (size before relaxing)
 .debug_str     0x0000000000041bc2      0x805 ./Drivers/STM32L0xx_HAL_Driver/Src/stm32l0xx_ll_usart.o
                                      0x34955 (size before relaxing)
 .debug_str     0x00000000000423c7      0xcf9 ./Drivers/STM32L0xx_HAL_Driver/Src/stm32l0xx_ll_utils.o
                                      0x34785 (size before relaxing)

.debug_frame    0x0000000000000000     0x197c
 .debug_frame   0x0000000000000000      0x174 ./Core/Src/adc.o
 .debug_frame   0x0000000000000174       0x70 ./Core/Src/gpio.o
 .debug_frame   0x00000000000001e4      0x270 ./Core/Src/main.o
 .debug_frame   0x0000000000000454       0x90 ./Core/Src/spi.o
 .debug_frame   0x00000000000004e4       0x9c ./Core/Src/stm32l0xx_it.o
 .debug_frame   0x0000000000000580       0x4c ./Core/Src/system_stm32l0xx.o
 .debug_frame   0x00000000000005cc      0x134 ./Core/Src/tim.o
 .debug_frame   0x0000000000000700       0xb0 ./Core/Src/usart.o
 .debug_frame   0x00000000000007b0      0x250 ./Drivers/STM32L0xx_HAL_Driver/Src/stm32l0xx_ll_adc.o
 .debug_frame   0x0000000000000a00      0x170 ./Drivers/STM32L0xx_HAL_Driver/Src/stm32l0xx_ll_gpio.o
 .debug_frame   0x0000000000000b70      0x42c ./Drivers/STM32L0xx_HAL_Driver/Src/stm32l0xx_ll_rcc.o
 .debug_frame   0x0000000000000f9c       0xf0 ./Drivers/STM32L0xx_HAL_Driver/Src/stm32l0xx_ll_spi.o
 .debug_frame   0x000000000000108c      0x3b0 ./Drivers/STM32L0xx_HAL_Driver/Src/stm32l0xx_ll_tim.o
 .debug_frame   0x000000000000143c      0x190 ./Drivers/STM32L0xx_HAL_Driver/Src/stm32l0xx_ll_usart.o
 .debug_frame   0x00000000000015cc      0x344 ./Drivers/STM32L0xx_HAL_Driver/Src/stm32l0xx_ll_utils.o
 .debug_frame   0x0000000000001910       0x20 /opt/st/stm32cubeide_1.14.0/plugins/com.st.stm32cube.ide.mcu.externaltools.gnu-tools-for-stm32.11.3.rel1.linux64_1.1.100.202309141235/tools/bin/../lib/gcc/arm-none-eabi/11.3.1/../../../../arm-none-eabi/lib/thumb/v6-m/nofp/libc_nano.a(libc_a-memset.o)
 .debug_frame   0x0000000000001930       0x2c /opt/st/stm32cubeide_1.14.0/plugins/com.st.stm32cube.ide.mcu.externaltools.gnu-tools-for-stm32.11.3.rel1.linux64_1.1.100.202309141235/tools/bin/../lib/gcc/arm-none-eabi/11.3.1/../../../../arm-none-eabi/lib/thumb/v6-m/nofp/libc_nano.a(libc_a-init.o)
 .debug_frame   0x000000000000195c       0x20 /opt/st/stm32cubeide_1.14.0/plugins/com.st.stm32cube.ide.mcu.externaltools.gnu-tools-for-stm32.11.3.rel1.linux64_1.1.100.202309141235/tools/bin/../lib/gcc/arm-none-eabi/11.3.1/thumb/v6-m/nofp/libgcc.a(_udivsi3.o)

.debug_line_str
                0x0000000000000000       0x89
 .debug_line_str
                0x0000000000000000       0x89 ./Core/Startup/startup_stm32l021k4tx.o
                                         0xa1 (size before relaxing)
